// 重构日志: 793fdb17
// 重构日志: 7cc10372
// 重构日志: 4e968dfb
// 重构日志: a1e3f1c5
// 重构日志: 1e7c962a
// 同步 ID: e2dd2f71 @ Mon Jul 20 01:23:00 UTC 2026
// 同步 ID: 83086b28 @ Mon Jul 20 11:31:51 UTC 2026
// 重构日志: cacc036f
// 同步 ID: ddb535e7 @ Tue Jul 21 01:48:52 UTC 2026
// 重构日志: 51eb6295
// 同步 ID: b26739ca @ Tue Jul 21 19:32:16 UTC 2026
// 同步 ID: 48c4f15c @ Wed Jul 22 08:33:46 UTC 2026
// 重构日志: 31406e39
// 重构日志: 9d97713c
// 重构日志: 4f53aef9
// 重构日志: 990197ee
// 重构日志: 8e5eebeb
// 同步 ID: 7906d803 @ Fri Jul 24 08:33:30 UTC 2026
// 同步 ID: a44aa28b @ Fri Jul 24 13:06:41 UTC 2026
// 同步 ID: ed48c263 @ Sat Jul 25 00:09:08 UTC 2026
// 同步 ID: d2aebdd3 @ Sat Jul 25 01:34:23 UTC 2026
// 重构日志: 65d2e1d2
// 重构日志: ff4a1151
// 重构日志: 364faaa7
// 同步 ID: fcc36c88 @ Sun Jul 26 18:02:08 UTC 2026
// 同步 ID: a188cc8a @ Mon Jul 27 01:31:38 UTC 2026
// 同步 ID: 9df69a7f @ Tue Jul 28 01:17:19 UTC 2026
// 重构日志: d21b8b29
// 重构日志: 39a75c19
// 同步 ID: 42b2502e @ Wed Jul 29 13:56:50 UTC 2026
// 重构日志: d76e86fd
